<html>
<body>
<pre>
<h1>µVision Build Log</h1>
<h2>Tool Versions:</h2>
IDE-Version: µVision V5.29.0.0
Copyright (C) 2019 ARM Ltd and ARM Germany GmbH. All rights reserved.
License Information: Carlos Murillo, McMaster Computer Engineering 2DX4, LIC=----
 
Tool Versions:
Toolchain:       MDK-Lite  Version: 5.29.0.0
Toolchain Path:  C:\Keil_v5\ARM\ARMCC\Bin
C Compiler:      Armcc.exe V5.06 update 6 (build 750)
Assembler:       Armasm.exe V5.06 update 6 (build 750)
Linker/Locator:  ArmLink.exe V5.06 update 6 (build 750)
Library Manager: ArmAr.exe V5.06 update 6 (build 750)
Hex Converter:   FromElf.exe V5.06 update 6 (build 750)
CPU DLL:         SARMCM3.DLL V5.29.0.0
Dialog DLL:      DCM.DLL V1.17.3.0
Target DLL:      CMSIS_AGDI.dll V1.32.0.0
Dialog DLL:      TCM.DLL V1.36.5.0
 
<h2>Project:</h2>
D:\Users\crmur\Documents\School\Semester 2\COMPENG 2DX4\FinalProject\FinalProject.uvprojx
Project File Date:  04/08/2020

<h2>Output:</h2>
*** Using Compiler 'V5.06 update 6 (build 750)', folder: 'C:\Keil_v5\ARM\ARMCC\Bin'
Rebuild target 'Target 1'
compiling SysTick.c...
compiling PLL.c...
compiling VL53L1X_api.c...
uart.h(10): warning:  #1-D: last line of file ends without a newline
  	void Status_Check(char* array, int status);
VL53L1X_api.c(272): warning:  #177-D: variable "tmp"  was declared but never referenced
  	uint8_t tmp;
VL53L1X_api.c: 2 warnings, 0 errors
assembling startup_msp432e401y_uvision.s...
compiling onboardLEDs.c...
compiling uart.c...
uart.h(10): warning:  #1-D: last line of file ends without a newline
  	void Status_Check(char* array, int status);
uart.c(70): warning:  #1-D: last line of file ends without a newline
  	}
uart.c: 2 warnings, 0 errors
compiling vl53l1_platform_2dx4.c...
vl53l1_platform_2dx4.c(324): warning:  #167-D: argument of type "uint32_t *" is incompatible with parameter of type "uint8_t *"
  	writeI2C(&data, 4);	
vl53l1_platform_2dx4.c(402): warning:  #223-D: function "SysTick_Wait" declared implicitly
      SysTick_Wait(120000);  // wait 10ms (assumes 120 MHz clock)
vl53l1_platform_2dx4.c: 2 warnings, 0 errors
compiling FinalProject.c...
uart.h(10): warning:  #1-D: last line of file ends without a newline
  	void Status_Check(char* array, int status);
FinalProject.c(113): warning:  #177-D: variable "ToFSensor"  was declared but never referenced
    uint8_t ToFSensor = 1; // 0=Left, 1=Center(default), 2=Right
FinalProject.c(115): warning:  #177-D: variable "SignalRate"  was declared but never referenced
    uint16_t SignalRate;
FinalProject.c(116): warning:  #177-D: variable "AmbientRate"  was declared but never referenced
    uint16_t AmbientRate;
FinalProject.c(117): warning:  #177-D: variable "SpadNum"  was declared but never referenced
    uint16_t SpadNum; 
FinalProject.c(118): warning:  #177-D: variable "RangeStatus"  was declared but never referenced
    uint8_t RangeStatus;
FinalProject.c: 6 warnings, 0 errors
compiling system_msp432e401y.c...
linking...
Program Size: Code=4906 RO-data=698 RW-data=20 ZI-data=2660  
".\Objects\Lab7_ToF.axf" - 0 Error(s), 12 Warning(s).

<h2>Software Packages used:</h2>

Package Vendor: ARM
                http://www.keil.com/pack/ARM.CMSIS.5.6.0.pack
                ARM.CMSIS.5.6.0
                CMSIS (Cortex Microcontroller Software Interface Standard)
   * Component: CORE Version: 5.3.0

Package Vendor: TexasInstruments
                http://software-dl.ti.com/msp430/msp430_public_sw/mcu/msp430/msp432cmsis/latest/exports/TexasInstruments.MSP432E4_DFP.3.2.6.pack
                TexasInstruments.MSP432E4_DFP.3.2.6
                Device Family Pack for Texas Instruments SimpleLink(TM) MSP432E4 Series
   * Component: Startup Version: 3.2.3

<h2>Collection of Component include folders:</h2>
  .\RTE\_Target_1
  C:\Users\crmur\AppData\Local\Arm\Packs\ARM\CMSIS\5.6.0\CMSIS\Core\Include
  C:\Users\crmur\AppData\Local\Arm\Packs\TexasInstruments\MSP432E4_DFP\3.2.6\Device\Include

<h2>Collection of Component Files used:</h2>

   * Component: ARM::CMSIS:CORE:5.3.0

   * Component: TexasInstruments::Device:Startup:3.2.3
      Source file:   Device\Source\startup_msp432e401y_uvision.s
      Source file:   Device\Source\system_msp432e401y.c
      Source file:   Examples\BlinkLED\blinkLED.c
      Source file:   Examples\EmptyMain\main.c
Build Time Elapsed:  00:00:02
</pre>
</body>
</html>
